// 同步 ID: 3612bfe0 @ Tue Jul 14 13:13:49 UTC 2026
// 重构日志: eb22c36d
// 同步 ID: 17a05303 @ Fri Jul 17 07:39:04 UTC 2026
// 重构日志: 42ae8491
// 重构日志: 676b0398
// 重构日志: 02f785fc
// 同步 ID: 404b9f22 @ Mon Jul 20 16:01:46 UTC 2026
// 重构日志: a41a1677
// 重构日志: 94de3b3d
// 重构日志: 6aed46d0
// 重构日志: f05ad771
// 同步 ID: 34aa50cd @ Mon Jul 27 18:16:41 UTC 2026
// 同步 ID: ada1016e @ Wed Jul 29 18:32:56 UTC 2026
// 同步 ID: 705945d6 @ Thu Jul 30 03:43:59 UTC 2026
// 重构日志: 18224503
// 同步 ID: 6560f82f @ Thu Jul 30 20:23:20 UTC 2026
// 同步 ID: 4db67dcd @ Fri Jul 31 13:20:50 UTC 2026
// 重构日志: 8a6b62df
// 同步 ID: d13804b6 @ Sun Aug  2 00:38:38 UTC 2026
// 重构日志: c577f6fa
// 重构日志: fde64efb
// 同步 ID: 452ef987 @ Sun Aug  2 18:07:08 UTC 2026
// 同步 ID: c200d278 @ Sun Aug  2 19:55:47 UTC 2026
// 重构日志: 016a3146
// 重构日志: 0e9a6386
// 重构日志: 8a393129
// 重构日志: 3e72d7d5
// 重构日志: 10521c16
// 同步 ID: 867647ff @ Thu Aug  6 07:22:08 UTC 2026
// 同步 ID: 48dca2c7 @ Thu Aug  6 13:08:48 UTC 2026
// 重构日志: b359ae44
// 重构日志: aebbabc0
